// Jest Snapshot v1, https://goo.gl/fbAQLP

exports[`CurrentWeather component tests should match the snapshot 1`] = `
<div
  className="weather"
>
  <div
    className="toggle-container"
  >
    <label
      className="toggle"
      onClick={[Function]}
    >
      <span
        className="on"
      >
        C
      </span>
      <div
        style={
          Object {
            "transform": "translateX(28px)",
          }
        }
      />
    </label>
  </div>
  <div
    className="top"
  >
    <div>
      <p
        className="city"
      />
      <p
        className="weather-description"
      />
    </div>
    <img
      alt="weather"
      className="weather-icon"
      src="icons/undefined.png"
    />
  </div>
  <div
    className="bottom"
  >
    <p
      className="temperature"
    >
      NaN
      °C
    </p>
    <div
      className="details"
    >
      <div
        className="parameter-row"
      >
        <span
          className="parameter-label"
        >
          Details
        </span>
      </div>
      <div
        className="parameter-row"
      >
        <span
          className="parameter-label"
        >
          Feels like
        </span>
        <span
          className="parameter-value"
        >
          NaN
          °C
        </span>
      </div>
      <div
        className="parameter-row"
      >
        <span
          className="parameter-label"
        >
          Wind
        </span>
        <span
          className="parameter-value"
        >
           m/s
        </span>
      </div>
      <div
        className="parameter-row"
      >
        <span
          className="parameter-label"
        >
          Humidity
        </span>
        <span
          className="parameter-value"
        >
          %
        </span>
      </div>
      <div
        className="parameter-row"
      >
        <span
          className="parameter-label"
        >
          Pressure
        </span>
        <span
          className="parameter-value"
        >
           hPa
        </span>
      </div>
    </div>
  </div>
</div>
`;
