// Jest Snapshot v1, https://goo.gl/fbAQLP

exports[`ToggleSwitch component tests should match the snapshot 1`] = `
<label
  className="toggle"
  onClick={[Function]}
>
  <span
    className="on"
  >
    C
  </span>
  <div
    style={
      Object {
        "transform": "translateX(28px)",
      }
    }
  />
</label>
`;
